experiment-15 states 152 speedup 1.1160980460779655 failed 17
[
  {
    "config": "experiment-15",
    "group": "pr-diagnostics",
    "state": "Device=0 num_rows=262144 profile=active_50",
    "stable": "False",
    "descending": "False",
    "rounds": 3,
    "ratio": 1.1067105991365649,
    "ratio_ci_low": 1.0592237457116784,
    "ratio_ci_high": 1.1396548199116172,
    "accepted": false,
    "axes": "{\"num_rows\": \"262144\", \"profile\": \"active_50\"}"
  },
  {
    "config": "experiment-15",
    "group": "pr-diagnostics",
    "state": "Device=0 num_rows=2097152 profile=active_50",
    "stable": "False",
    "descending": "False",
    "rounds": 3,
    "ratio": 1.213324772222373,
    "ratio_ci_low": 1.1976942999814932,
    "ratio_ci_high": 1.224261285764088,
    "accepted": false,
    "axes": "{\"num_rows\": \"2097152\", \"profile\": \"active_50\"}"
  },
  {
    "config": "experiment-15",
    "group": "pr-diagnostics",
    "state": "Device=0 num_rows=2097152 profile=active_10",
    "stable": "False",
    "descending": "False",
    "rounds": 3,
    "ratio": 1.0887301425630318,
    "ratio_ci_low": 1.061817323640388,
    "ratio_ci_high": 1.1142490441801567,
    "accepted": false,
    "axes": "{\"num_rows\": \"2097152\", \"profile\": \"active_10\"}"
  },
  {
    "config": "experiment-15",
    "group": "target",
    "state": "Device=0 num_rows=262144 prefix_width=8 suffix_width=32 prefix_cardinality=1",
    "stable": "False",
    "descending": "False",
    "rounds": 3,
    "ratio": 1.1292430997076686,
    "ratio_ci_low": 1.1215413138396961,
    "ratio_ci_high": 1.140995740369011,
    "accepted": false,
    "axes": "{\"num_rows\": \"262144\", \"prefix_cardinality\": \"1\", \"prefix_width\": \"8\", \"suffix_width\": \"32\"}"
  },
  {
    "config": "experiment-15",
    "group": "target",
    "state": "Device=0 num_rows=2097152 prefix_width=8 suffix_width=32 prefix_cardinality=1",
    "stable": "False",
    "descending": "False",
    "rounds": 3,
    "ratio": 1.107400588741347,
    "ratio_ci_low": 1.1067444226263727,
    "ratio_ci_high": 1.108989232749379,
    "accepted": false,
    "axes": "{\"num_rows\": \"2097152\", \"prefix_cardinality\": \"1\", \"prefix_width\": \"8\", \"suffix_width\": \"32\"}"
  },
  {
    "config": "experiment-15",
    "group": "target",
    "state": "Device=0 num_rows=262144 prefix_width=10 suffix_width=32 prefix_cardinality=1",
    "stable": "False",
    "descending": "False",
    "rounds": 3,
    "ratio": 1.1218951923396587,
    "ratio_ci_low": 1.1174687116865882,
    "ratio_ci_high": 1.1318032197202679,
    "accepted": false,
    "axes": "{\"num_rows\": \"262144\", \"prefix_cardinality\": \"1\", \"prefix_width\": \"10\", \"suffix_width\": \"32\"}"
  },
  {
    "config": "experiment-15",
    "group": "target",
    "state": "Device=0 num_rows=2097152 prefix_width=10 suffix_width=32 prefix_cardinality=1",
    "stable": "False",
    "descending": "False",
    "rounds": 3,
    "ratio": 1.1064108150565444,
    "ratio_ci_low": 1.102398305696599,
    "ratio_ci_high": 1.1103276950287282,
    "accepted": false,
    "axes": "{\"num_rows\": \"2097152\", \"prefix_cardinality\": \"1\", \"prefix_width\": \"10\", \"suffix_width\": \"32\"}"
  },
  {
    "config": "experiment-15",
    "group": "target",
    "state": "Device=0 num_rows=262144 prefix_width=11 suffix_width=32 prefix_cardinality=1",
    "stable": "False",
    "descending": "False",
    "rounds": 3,
    "ratio": 1.1255663029022025,
    "ratio_ci_low": 1.1189492085000325,
    "ratio_ci_high": 1.1320779386235045,
    "accepted": false,
    "axes": "{\"num_rows\": \"262144\", \"prefix_cardinality\": \"1\", \"prefix_width\": \"11\", \"suffix_width\": \"32\"}"
  },
  {
    "config": "experiment-15",
    "group": "target",
    "state": "Device=0 num_rows=2097152 prefix_width=11 suffix_width=32 prefix_cardinality=1",
    "stable": "False",
    "descending": "False",
    "rounds": 3,
    "ratio": 1.1042495121496714,
    "ratio_ci_low": 1.1024880082095478,
    "ratio_ci_high": 1.1071077255429231,
    "accepted": false,
    "axes": "{\"num_rows\": \"2097152\", \"prefix_cardinality\": \"1\", \"prefix_width\": \"11\", \"suffix_width\": \"32\"}"
  },
  {
    "config": "experiment-15",
    "group": "target",
    "state": "Device=0 num_rows=262144 prefix_width=12 suffix_width=32 prefix_cardinality=1",
    "stable": "False",
    "descending": "False",
    "rounds": 3,
    "ratio": 1.1214704151782073,
    "ratio_ci_low": 1.1041567579574478,
    "ratio_ci_high": 1.1377596738027393,
    "accepted": false,
    "axes": "{\"num_rows\": \"262144\", \"prefix_cardinality\": \"1\", \"prefix_width\": \"12\", \"suffix_width\": \"32\"}"
  },
  {
    "config": "experiment-15",
    "group": "target",
    "state": "Device=0 num_rows=2097152 prefix_width=12 suffix_width=32 prefix_cardinality=1",
    "stable": "False",
    "descending": "False",
    "rounds": 3,
    "ratio": 1.1042954945242751,
    "ratio_ci_low": 1.1025231328810756,
    "ratio_ci_high": 1.107163858046775,
    "accepted": false,
    "axes": "{\"num_rows\": \"2097152\", \"prefix_cardinality\": \"1\", \"prefix_width\": \"12\", \"suffix_width\": \"32\"}"
  },
  {
    "config": "experiment-15",
    "group": "target",
    "state": "Device=0 num_rows=2097152 prefix_width=8 suffix_width=32 prefix_cardinality=64",
    "stable": "False",
    "descending": "False",
    "rounds": 3,
    "ratio": 1.0629406619035622,
    "ratio_ci_low": 1.0599184527839802,
    "ratio_ci_high": 1.0646345473277925,
    "accepted": false,
    "axes": "{\"num_rows\": \"2097152\", \"prefix_cardinality\": \"64\", \"prefix_width\": \"8\", \"suffix_width\": \"32\"}"
  },
  {
    "config": "experiment-15",
    "group": "target",
    "state": "Device=0 num_rows=2097152 prefix_width=10 suffix_width=32 prefix_cardinality=64",
    "stable": "False",
    "descending": "False",
    "rounds": 3,
    "ratio": 1.0623496102701009,
    "ratio_ci_low": 1.0614733827557152,
    "ratio_ci_high": 1.0626800799769924,
    "accepted": false,
    "axes": "{\"num_rows\": \"2097152\", \"prefix_cardinality\": \"64\", \"prefix_width\": \"10\", \"suffix_width\": \"32\"}"
  },
  {
    "config": "experiment-15",
    "group": "target",
    "state": "Device=0 num_rows=2097152 prefix_width=11 suffix_width=32 prefix_cardinality=64",
    "stable": "False",
    "descending": "False",
    "rounds": 3,
    "ratio": 1.0606856754849738,
    "ratio_ci_low": 1.058836432859234,
    "ratio_ci_high": 1.0635485706618943,
    "accepted": false,
    "axes": "{\"num_rows\": \"2097152\", \"prefix_cardinality\": \"64\", \"prefix_width\": \"11\", \"suffix_width\": \"32\"}"
  },
  {
    "config": "experiment-15",
    "group": "target",
    "state": "Device=0 num_rows=2097152 prefix_width=12 suffix_width=32 prefix_cardinality=64",
    "stable": "False",
    "descending": "False",
    "rounds": 3,
    "ratio": 1.0599231165988792,
    "ratio_ci_low": 1.0591226800978915,
    "ratio_ci_high": 1.0605387586325192,
    "accepted": false,
    "axes": "{\"num_rows\": \"2097152\", \"prefix_cardinality\": \"64\", \"prefix_width\": \"12\", \"suffix_width\": \"32\"}"
  },
  {
    "config": "experiment-15",
    "group": "segments",
    "state": "Device=0 num_rows=2097152 shared_suffix=0 segment_profile=tiny_plus_giant",
    "stable": "False",
    "descending": "False",
    "rounds": 3,
    "ratio": 1.0437708097179084,
    "ratio_ci_low": 1.0321629155728604,
    "ratio_ci_high": 1.0532433370240504,
    "accepted": false,
    "axes": "{\"num_rows\": \"2097152\", \"segment_profile\": \"tiny_plus_giant\", \"shared_suffix\": \"0\"}"
  },
  {
    "config": "experiment-15",
    "group": "segments",
    "state": "Device=0 num_rows=2097152 shared_suffix=0 segment_profile=hot90",
    "stable": "False",
    "descending": "False",
    "rounds": 3,
    "ratio": 1.1124517115169987,
    "ratio_ci_low": 1.1105851725895601,
    "ratio_ci_high": 1.1147414120762629,
    "accepted": false,
    "axes": "{\"num_rows\": \"2097152\", \"segment_profile\": \"hot90\", \"shared_suffix\": \"0\"}"
  }
]
experiment-3 states 152 speedup 1.0435474681717785 failed 0
[]
experiment-31 states 152 speedup 1.1916521023563786 failed 22
[
  {
    "config": "experiment-31",
    "group": "segments",
    "state": "Device=0 num_rows=2097152 shared_suffix=0 segment_profile=tiny_plus_giant",
    "stable": "False",
    "descending": "False",
    "rounds": 3,
    "ratio": 1.0448464146687502,
    "ratio_ci_low": 1.0341640270239323,
    "ratio_ci_high": 1.0502245627850941,
    "accepted": false,
    "axes": "{\"num_rows\": \"2097152\", \"segment_profile\": \"tiny_plus_giant\", \"shared_suffix\": \"0\"}"
  },
  {
    "config": "experiment-31",
    "group": "segments",
    "state": "Device=0 num_rows=32768 shared_suffix=0 segment_profile=hot90",
    "stable": "False",
    "descending": "False",
    "rounds": 3,
    "ratio": 1.0711217687924703,
    "ratio_ci_low": 1.0342145128330338,
    "ratio_ci_high": 1.087457888558375,
    "accepted": false,
    "axes": "{\"num_rows\": \"32768\", \"segment_profile\": \"hot90\", \"shared_suffix\": \"0\"}"
  },
  {
    "config": "experiment-31",
    "group": "segments",
    "state": "Device=0 num_rows=2097152 shared_suffix=0 segment_profile=hot90",
    "stable": "False",
    "descending": "False",
    "rounds": 3,
    "ratio": 1.113765164431987,
    "ratio_ci_low": 1.1127601747019205,
    "ratio_ci_high": 1.1150325093631277,
    "accepted": false,
    "axes": "{\"num_rows\": \"2097152\", \"segment_profile\": \"hot90\", \"shared_suffix\": \"0\"}"
  },
  {
    "config": "experiment-31",
    "group": "segments",
    "state": "Device=0 num_rows=2097152 shared_suffix=0 segment_profile=few_giants",
    "stable": "False",
    "descending": "False",
    "rounds": 3,
    "ratio": 1.0719115601915843,
    "ratio_ci_low": 1.0612599545461263,
    "ratio_ci_high": 1.0762336374428074,
    "accepted": false,
    "axes": "{\"num_rows\": \"2097152\", \"segment_profile\": \"few_giants\", \"shared_suffix\": \"0\"}"
  },
  {
    "config": "experiment-31",
    "group": "pr-diagnostics",
    "state": "Device=0 num_rows=262144 profile=active_50",
    "stable": "False",
    "descending": "False",
    "rounds": 3,
    "ratio": 1.0951857102290186,
    "ratio_ci_low": 1.068417167425098,
    "ratio_ci_high": 1.1276843719661571,
    "accepted": false,
    "axes": "{\"num_rows\": \"262144\", \"profile\": \"active_50\"}"
  },
  {
    "config": "experiment-31",
    "group": "pr-diagnostics",
    "state": "Device=0 num_rows=2097152 profile=active_50",
    "stable": "False",
    "descending": "False",
    "rounds": 3,
    "ratio": 1.213162839794419,
    "ratio_ci_low": 1.202964844509293,
    "ratio_ci_high": 1.2215193231192865,
    "accepted": false,
    "axes": "{\"num_rows\": \"2097152\", \"profile\": \"active_50\"}"
  },
  {
    "config": "experiment-31",
    "group": "pr-diagnostics",
    "state": "Device=0 num_rows=262144 profile=active_10",
    "stable": "False",
    "descending": "False",
    "rounds": 3,
    "ratio": 1.0438094915664613,
    "ratio_ci_low": 1.0062937131125678,
    "ratio_ci_high": 1.0754699815114872,
    "accepted": false,
    "axes": "{\"num_rows\": \"262144\", \"profile\": \"active_10\"}"
  },
  {
    "config": "experiment-31",
    "group": "pr-diagnostics",
    "state": "Device=0 num_rows=2097152 profile=active_10",
    "stable": "False",
    "descending": "False",
    "rounds": 3,
    "ratio": 1.0920239107714156,
    "ratio_ci_low": 1.0512390519126371,
    "ratio_ci_high": 1.1401245820950336,
    "accepted": false,
    "axes": "{\"num_rows\": \"2097152\", \"profile\": \"active_10\"}"
  },
  {
    "config": "experiment-31",
    "group": "pr-diagnostics",
    "state": "Device=0 num_rows=2097152 profile=active_1",
    "stable": "False",
    "descending": "False",
    "rounds": 3,
    "ratio": 1.0270147613521405,
    "ratio_ci_low": 1.015465835685921,
    "ratio_ci_high": 1.040774387958976,
    "accepted": false,
    "axes": "{\"num_rows\": \"2097152\", \"profile\": \"active_1\"}"
  },
  {
    "config": "experiment-31",
    "group": "target",
    "state": "Device=0 num_rows=262144 max_width=32 cardinality=64",
    "stable": "False",
    "descending": "False",
    "rounds": 3,
    "ratio": 1.0288308134462938,
    "ratio_ci_low": 1.0217469391765608,
    "ratio_ci_high": 1.0378756796690005,
    "accepted": false,
    "axes": "{\"cardinality\": \"64\", \"max_width\": \"32\", \"num_rows\": \"262144\"}"
  },
  {
    "config": "experiment-31",
    "group": "target",
    "state": "Device=0 num_rows=262144 prefix_width=8 suffix_width=32 prefix_cardinality=1",
    "stable": "False",
    "descending": "False",
    "rounds": 3,
    "ratio": 1.1326245776519417,
    "ratio_ci_low": 1.119269705533417,
    "ratio_ci_high": 1.1490307062231364,
    "accepted": false,
    "axes": "{\"num_rows\": \"262144\", \"prefix_cardinality\": \"1\", \"prefix_width\": \"8\", \"suffix_width\": \"32\"}"
  },
  {
    "config": "experiment-31",
    "group": "target",
    "state": "Device=0 num_rows=2097152 prefix_width=8 suffix_width=32 prefix_cardinality=1",
    "stable": "False",
    "descending": "False",
    "rounds": 3,
    "ratio": 1.108047816531318,
    "ratio_ci_low": 1.1018603856027362,
    "ratio_ci_high": 1.1162991858622755,
    "accepted": false,
    "axes": "{\"num_rows\": \"2097152\", \"prefix_cardinality\": \"1\", \"prefix_width\": \"8\", \"suffix_width\": \"32\"}"
  },
  {
    "config": "experiment-31",
    "group": "target",
    "state": "Device=0 num_rows=262144 prefix_width=10 suffix_width=32 prefix_cardinality=1",
    "stable": "False",
    "descending": "False",
    "rounds": 3,
    "ratio": 1.1313275101579805,
    "ratio_ci_low": 1.1267098746108983,
    "ratio_ci_high": 1.1412840147139693,
    "accepted": false,
    "axes": "{\"num_rows\": \"262144\", \"prefix_cardinality\": \"1\", \"prefix_width\": \"10\", \"suffix_width\": \"32\"}"
  },
  {
    "config": "experiment-31",
    "group": "target",
    "state": "Device=0 num_rows=2097152 prefix_width=10 suffix_width=32 prefix_cardinality=1",
    "stable": "False",
    "descending": "False",
    "rounds": 3,
    "ratio": 1.10767783166954,
    "ratio_ci_low": 1.1035521069980578,
    "ratio_ci_high": 1.1119333434494971,
    "accepted": false,
    "axes": "{\"num_rows\": \"2097152\", \"prefix_cardinality\": \"1\", \"prefix_width\": \"10\", \"suffix_width\": \"32\"}"
  },
  {
    "config": "experiment-31",
    "group": "target",
    "state": "Device=0 num_rows=262144 prefix_width=11 suffix_width=32 prefix_cardinality=1",
    "stable": "False",
    "descending": "False",
    "rounds": 3,
    "ratio": 1.1279753010609073,
    "ratio_ci_low": 1.111039785056909,
    "ratio_ci_high": 1.143329163931912,
    "accepted": false,
    "axes": "{\"num_rows\": \"262144\", \"prefix_cardinality\": \"1\", \"prefix_width\": \"11\", \"suffix_width\": \"32\"}"
  },
  {
    "config": "experiment-31",
    "group": "target",
    "state": "Device=0 num_rows=2097152 prefix_width=11 suffix_width=32 prefix_cardinality=1",
    "stable": "False",
    "descending": "False",
    "rounds": 3,
    "ratio": 1.1050179549753694,
    "ratio_ci_low": 1.0980703210245761,
    "ratio_ci_high": 1.1141529977755917,
    "accepted": false,
    "axes": "{\"num_rows\": \"2097152\", \"prefix_cardinality\": \"1\", \"prefix_width\": \"11\", \"suffix_width\": \"32\"}"
  },
  {
    "config": "experiment-31",
    "group": "target",
    "state": "Device=0 num_rows=262144 prefix_width=12 suffix_width=32 prefix_cardinality=1",
    "stable": "False",
    "descending": "False",
    "rounds": 3,
    "ratio": 1.1273260552914581,
    "ratio_ci_low": 1.1234202661873829,
    "ratio_ci_high": 1.1287978448447498,
    "accepted": false,
    "axes": "{\"num_rows\": \"262144\", \"prefix_cardinality\": \"1\", \"prefix_width\": \"12\", \"suffix_width\": \"32\"}"
  },
  {
    "config": "experiment-31",
    "group": "target",
    "state": "Device=0 num_rows=2097152 prefix_width=12 suffix_width=32 prefix_cardinality=1",
    "stable": "False",
    "descending": "False",
    "rounds": 3,
    "ratio": 1.1048159646714943,
    "ratio_ci_low": 1.1000560174105356,
    "ratio_ci_high": 1.1118755823126725,
    "accepted": false,
    "axes": "{\"num_rows\": \"2097152\", \"prefix_cardinality\": \"1\", \"prefix_width\": \"12\", \"suffix_width\": \"32\"}"
  },
  {
    "config": "experiment-31",
    "group": "target",
    "state": "Device=0 num_rows=2097152 prefix_width=8 suffix_width=32 prefix_cardinality=64",
    "stable": "False",
    "descending": "False",
    "rounds": 3,
    "ratio": 1.0760819989284982,
    "ratio_ci_low": 1.0725498712675963,
    "ratio_ci_high": 1.0806701213112255,
    "accepted": false,
    "axes": "{\"num_rows\": \"2097152\", \"prefix_cardinality\": \"64\", \"prefix_width\": \"8\", \"suffix_width\": \"32\"}"
  },
  {
    "config": "experiment-31",
    "group": "target",
    "state": "Device=0 num_rows=2097152 prefix_width=10 suffix_width=32 prefix_cardinality=64",
    "stable": "False",
    "descending": "False",
    "rounds": 3,
    "ratio": 1.0761746566567651,
    "ratio_ci_low": 1.071019627568967,
    "ratio_ci_high": 1.0805823569900472,
    "accepted": false,
    "axes": "{\"num_rows\": \"2097152\", \"prefix_cardinality\": \"64\", \"prefix_width\": \"10\", \"suffix_width\": \"32\"}"
  },
  {
    "config": "experiment-31",
    "group": "target",
    "state": "Device=0 num_rows=2097152 prefix_width=11 suffix_width=32 prefix_cardinality=64",
    "stable": "False",
    "descending": "False",
    "rounds": 3,
    "ratio": 1.0743068199441983,
    "ratio_ci_low": 1.0732102687757323,
    "ratio_ci_high": 1.0758150725382691,
    "accepted": false,
    "axes": "{\"num_rows\": \"2097152\", \"prefix_cardinality\": \"64\", \"prefix_width\": \"11\", \"suffix_width\": \"32\"}"
  },
  {
    "config": "experiment-31",
    "group": "target",
    "state": "Device=0 num_rows=2097152 prefix_width=12 suffix_width=32 prefix_cardinality=64",
    "stable": "False",
    "descending": "False",
    "rounds": 3,
    "ratio": 1.0740400038036662,
    "ratio_ci_low": 1.0675819659043133,
    "ratio_ci_high": 1.0800048487431022,
    "accepted": false,
    "axes": "{\"num_rows\": \"2097152\", \"prefix_cardinality\": \"64\", \"prefix_width\": \"12\", \"suffix_width\": \"32\"}"
  }
]
